// Jest Snapshot v1, https://goo.gl/fbAQLP

exports[`Toast renders toast for specified duration 1`] = `
<div
  class="toast"
>
  <div
    class="toast-message"
  >
    Toast message
  </div>
</div>
`;

exports[`Toast renders toast for specified duration 2`] = `
<div
  class="toast"
>
  <div
    class="toast-message"
  >
    Toast message
  </div>
</div>
`;
